../Core/Src/main.c:89:1:__io_putchar	16	static
../Core/Src/main.c:108:6:displayLCD	64	static
../Core/Src/main.c:147:5:main	8	static
../Core/Src/main.c:200:6:SystemClock_Config	88	static
../Core/Src/main.c:248:13:MX_I2C1_Init	8	static
../Core/Src/main.c:282:13:MX_RTC_Init	16	static
../Core/Src/main.c:340:13:MX_TIM2_Init	64	static
../Core/Src/main.c:399:13:MX_TIM3_Init	32	static
../Core/Src/main.c:444:13:MX_USART2_UART_Init	8	static
../Core/Src/main.c:477:13:MX_GPIO_Init	40	static
../Core/Src/main.c:536:6:HAL_GPIO_EXTI_Callback	16	static
../Core/Src/main.c:572:6:HAL_TIM_PWM_PulseFinishedCallback	16	static
../Core/Src/main.c:586:6:Error_Handler	4	static,ignoring_inline_asm
