../Core/Src/main.c:109:1:__io_putchar	16	static
../Core/Src/main.c:117:5:map	24	static
../Core/Src/main.c:121:6:LCD	48	static
../Core/Src/main.c:138:5:main	32	static
../Core/Src/main.c:255:6:SystemClock_Config	88	static
../Core/Src/main.c:298:13:MX_ADC1_Init	24	static
../Core/Src/main.c:347:13:MX_ADC2_Init	24	static
../Core/Src/main.c:396:13:MX_ETH_Init	8	static
../Core/Src/main.c:444:13:MX_I2C1_Init	8	static
../Core/Src/main.c:489:13:MX_TIM2_Init	64	static
../Core/Src/main.c:544:13:MX_USART3_UART_Init	8	static
../Core/Src/main.c:575:13:MX_USB_OTG_FS_PCD_Init	8	static
../Core/Src/main.c:608:13:MX_GPIO_Init	56	static
../Core/Src/main.c:663:6:Error_Handler	4	static,ignoring_inline_asm
